%!Adobe-FontList 1.19
%Locale:0x409

%BeginFont
Handler:DirectoryHandler
FontType:TrueType
FontName:FuturaBT-Light
FamilyName:Futura Lt BT
StyleName:Light
MenuName:Futura Lt BT
StyleBits:0
WeightClass:400
WidthClass:5
AngleClass:0
FullName:Futura Lt BT Light
WritingScript:Roman
OutlineFileName:\FutuLt__.ttf
DataFormat:sfntData
hasSVG:no
VariableFontType:NonVariableFont
FileLength:37008
FileModTime:1388686321
NameArray:0,Mac,4,Futura Lt BT Light
NameArray:0,Win,1,Futura Lt BT
%EndFont

%BeginFont
Handler:DirectoryHandler
FontType:Type1
FontName:MinionPro-Regular
FamilyName:Minion Pro
StyleName:Regular
MenuName:Minion Pro
StyleBits:0
WeightClass:400
WidthClass:5
AngleClass:0
FullName:Minion Pro
WritingScript:Roman
OutlineFileName:\MinionPro-Regular.otf
DataFormat:sfntData
UsesStandardEncoding:yes
isCFF:yes
hasSVG:no
VariableFontType:NonVariableFont
FileLength:205608
FileModTime:1171986538
DesignSize:110
NameArray:0,Mac,4,Minion Pro
NameArray:0,Win,1,Minion Pro
%EndFont

%BeginFont
Handler:DirectoryHandler
FontType:TrueType
FontName:FuturaBT-LightItalic
FamilyName:Futura Lt BT
StyleName:Light Italic
MenuName:Futura Lt BT
StyleBits:1
WeightClass:400
WidthClass:5
AngleClass:0
FullName:Futura Lt BT Light Italic
WritingScript:Roman
OutlineFileName:\FutuLtIt.ttf
DataFormat:sfntData
hasSVG:no
VariableFontType:NonVariableFont
FileLength:37728
FileModTime:1388686342
NameArray:0,Mac,4,Futura Lt BT Light Italic
NameArray:0,Win,1,Futura Lt BT
%EndFont

